{
  "mode": "execute",
  "cluster": "devnet",
  "expectedGenesis": "EtWTRABZaYq6iMfeYKouRu166VU2xqa1wcaWoxPkrZBG",
  "stateDirectory": "/Users/umutyesildal/orca/workspaces/createyouretf/createyouretf/.cache/devnet-xstocks/issuer-profile-20261003-0035",
  "fixtures": "Four project-issued eight-extension mocks, not official xStocks",
  "baskets": [
    3,
    4
  ],
  "checks": [
    "Raw atomic seed, deposits and pro-rata redemption",
    "Share supply and separate 90/10 entry, exit and management fees",
    "Four-asset v0 address lookup table",
    "Whitelist pause rejects new deposits while redemption succeeds",
    "Issuer pause, active hook and frozen default state reject deposits with full state rollback",
    "Issuer pause can also prevent underlying redemption",
    "Multiplier changes display units without changing raw custody or redemption math"
  ],
  "maximumSpendSol": 0.2,
  "minimumRemainingSol": 0.2,
  "note": "Without --execute: no RPC requests, key reads, file writes or transactions. No program deployment in either mode."
}
  ALT xstocks-basket-proof: Fg2XCBiGct5sRFZHF2Rz3mnSfJdXBdRfpgS3mm3hfApP (2 wanted, 0 newly extended)
{
  "label": "fund-creator",
  "signature": "4P1EaKKtwYFd8WsiDjXCnsJBvQ2UnZQn6pANR725C8dpAopjorgqxx48RcFsLBzBk5yR2BDEhqP5mvN11KmYAV8h",
  "result": "confirmed"
}
  ALT xstocks-basket-proof: Fg2XCBiGct5sRFZHF2Rz3mnSfJdXBdRfpgS3mm3hfApP (7 wanted, 0 newly extended)
{
  "label": "fund-creator-A",
  "signature": "3HUFpEzh3sZrjVLGwFDjqfXgeo9JmNKffYQmEJcT6s5KForLU6MHTfAKRXUZ5Ptg1eBa9bu4UyhNxL5CY1T9uNWZ",
  "result": "confirmed"
}
  ALT xstocks-basket-proof: Fg2XCBiGct5sRFZHF2Rz3mnSfJdXBdRfpgS3mm3hfApP (7 wanted, 0 newly extended)
{
  "label": "fund-creator-B",
  "signature": "2d5MRDDP6Xp9W7rPXMqruRt5hnZbqeYSp7mW52NNxKp5ULzdaGguMnqig8hBKkik83k8njQfFPDWxs82NfDjFho",
  "result": "confirmed"
}
  ALT xstocks-basket-proof: Fg2XCBiGct5sRFZHF2Rz3mnSfJdXBdRfpgS3mm3hfApP (7 wanted, 0 newly extended)
{
  "label": "fund-creator-C",
  "signature": "U63r7dpDGKvtDEqhbyWuYgruwijwyhwCa6bt6u2ng91UmMhLHV8M14qHzCuQ3VsZU7zPfmCzPL1zWS1eYNKfQLJ",
  "result": "confirmed"
}
  ALT xstocks-basket-proof: Fg2XCBiGct5sRFZHF2Rz3mnSfJdXBdRfpgS3mm3hfApP (2 wanted, 0 newly extended)
{
  "label": "fund-investor",
  "signature": "3wpsJUsaZbWyJRpx4rpJW4SFhppprvhSgLEruEvGTc9MHHVLpUVGkE9QcvMZ8riNXBVuzoJy5XmFqkdeidGxHFhp",
  "result": "confirmed"
}
  ALT xstocks-basket-proof: Fg2XCBiGct5sRFZHF2Rz3mnSfJdXBdRfpgS3mm3hfApP (7 wanted, 0 newly extended)
{
  "label": "fund-investor-A",
  "signature": "5384yBqjn5eVB72pfhayJmBQizaBokvgmUzxRT4yUzTREeTQyoUMuivxW6f4zKqJYfGD8Fg3GkBpa9rVKEKgDiik",
  "result": "confirmed"
}
  ALT xstocks-basket-proof: Fg2XCBiGct5sRFZHF2Rz3mnSfJdXBdRfpgS3mm3hfApP (7 wanted, 0 newly extended)
{
  "label": "fund-investor-B",
  "signature": "4TgvrTHxbFkRUZhyURsEymYJ7z4VVmDroroVFHrKFYG6qPu6Mwd9mfzXgcyVPSWiy66deoAYmANUDVKuAkqyxUJ6",
  "result": "confirmed"
}
  ALT xstocks-basket-proof: Fg2XCBiGct5sRFZHF2Rz3mnSfJdXBdRfpgS3mm3hfApP (7 wanted, 0 newly extended)
{
  "label": "fund-investor-C",
  "signature": "mRmT91KftVN63fWu9u6zhNVNfHXD5pvWHDX2JxmFk34WARTxHpJDJoBJ2uX8kaPXRS39MnhnhCPD8ubhYGSVaUu",
  "result": "confirmed"
}
  ALT xstocks-basket-proof: Fg2XCBiGct5sRFZHF2Rz3mnSfJdXBdRfpgS3mm3hfApP (22 wanted, 0 newly extended)
{
  "label": "create-3",
  "signature": "4XjJ8iMmFAZXWAeW5jHzX9Dni1Qk8epBuTs4MVn59oJmNht5oxdCBofyZpsB1KUBYd7RJn2N4ksTMUF6P1sR47P3",
  "result": "confirmed"
}
  tx alt_extend_Fg2XCB_0: 2JnvTzcFZdcr4iMK6SBiA9f3gxoHxzXP2JP85MjFsLBKdAPWqMdPS2QQS25wLNEkzDUYah25soZwWKGCmFAGW6k6
  ALT xstocks-basket-proof: Fg2XCBiGct5sRFZHF2Rz3mnSfJdXBdRfpgS3mm3hfApP (24 wanted, 2 newly extended)
{
  "label": "mint-3",
  "signature": "2tjAchCvWb1QpddMPHdepLkpkddFXTzBni6XagbHEBersKDF3j7kTfNQ8ScmPek6rCmRcNSmvyaymmg5dHG39ZN1",
  "result": "confirmed"
}
  ALT xstocks-basket-proof: Fg2XCBiGct5sRFZHF2Rz3mnSfJdXBdRfpgS3mm3hfApP (11 wanted, 0 newly extended)
{
  "label": "management-3",
  "signature": "2dsYfhyrG7CThaaoQ35sQmfijfe4bwKhDCNumtfxdj4gjBCnpcvAFNAwvR798avGaxBnfpAm2pkN9h3LgEVoUorW",
  "result": "confirmed"
}
  ALT xstocks-basket-proof: Fg2XCBiGct5sRFZHF2Rz3mnSfJdXBdRfpgS3mm3hfApP (3 wanted, 0 newly extended)
{
  "label": "whitelist-pause-3",
  "signature": "97aFPneuGxRGCJTsmLqLEwReV7jYjaKp3vEdiYqTPHncLmZRWtk753qmJrP3Sr6d8M1pdMKohZUXS2zpf2b3Umt",
  "result": "confirmed"
}
  ALT xstocks-basket-proof: Fg2XCBiGct5sRFZHF2Rz3mnSfJdXBdRfpgS3mm3hfApP (24 wanted, 0 newly extended)
{
  "label": "whitelist-reject-3",
  "signature": "4vf5D1RkJgQYn5MDXsdE3wj37pcDbLYGozsmNpkp6WNBZbZJHhRFWqNipMndkwCpGokToFFyqoVRvyV9qc4exe6n",
  "result": "expected rejection"
}
  ALT xstocks-basket-proof: Fg2XCBiGct5sRFZHF2Rz3mnSfJdXBdRfpgS3mm3hfApP (21 wanted, 0 newly extended)
{
  "label": "redeem-whitelist-paused-3",
  "signature": "3Q6QbqzhPq47xb8r4NekuEenb7NMLJKRvf1PGLJ8PUZ3HdbEatJzGptP5LkU6QnCjqUg2z4s7TbFK5MsYZCBHdeR",
  "result": "confirmed"
}
  ALT xstocks-basket-proof: Fg2XCBiGct5sRFZHF2Rz3mnSfJdXBdRfpgS3mm3hfApP (3 wanted, 0 newly extended)
{
  "label": "whitelist-resume-3",
  "signature": "3oJp4bMpqVGDDRFXvP5J1KYPtHFZx42cDYc4QofX5NHEkDx2G8y3JcTr8AQMb8DZZc66fwYBE1t4M1BFWr4PWXKp",
  "result": "confirmed"
}
  ALT xstocks-basket-proof: Fg2XCBiGct5sRFZHF2Rz3mnSfJdXBdRfpgS3mm3hfApP (2 wanted, 0 newly extended)
{
  "label": "issuer-pause-3",
  "signature": "4THUyvS4FXZv3HrfMgJEf3gBiXZBx8riW7mfrY2FXTWkoeih4WCvxkTRpoaYNKMvTypqKnCRgoHvqfX7EeRwF3VR",
  "result": "confirmed"
}
  ALT xstocks-basket-proof: Fg2XCBiGct5sRFZHF2Rz3mnSfJdXBdRfpgS3mm3hfApP (24 wanted, 0 newly extended)
{
  "label": "issuer-deposit-reject-3",
  "signature": "2MXMKzvRbaHY26hyXvevr74TmZ7um66suvF6483HFCe4faq8CmtqiyUmhumcVKAoBoWMTj9ahaEErhzb4qsaCfYX",
  "result": "expected rejection"
}
  tx alt_extend_Fg2XCB_0: 2wQ1ADwcudfKSgpsj4cnUvibpQaXToFedTfzPTLRRUEnvb6C3J8ARqQaTunjMcWZYAF2nugPJq7ERruYdaUkM4HD
  ALT xstocks-basket-proof: Fg2XCBiGct5sRFZHF2Rz3mnSfJdXBdRfpgS3mm3hfApP (22 wanted, 7 newly extended)
{
  "label": "issuer-create-reject-3",
  "signature": "iNdEcaPbgR5s8o3C4Zu4nPvFvyHF2JmYkR8DcHGBisz4U8rQ7G1B5J9M9VWvupn73KvYpxqothen9cQy7vmNiGv",
  "result": "expected rejection"
}
  ALT xstocks-basket-proof: Fg2XCBiGct5sRFZHF2Rz3mnSfJdXBdRfpgS3mm3hfApP (21 wanted, 0 newly extended)
{
  "label": "issuer-redeem-reject-3",
  "signature": "26viiziKomy8AUAiRbPTw99CKcNHQoFz1NBiXMqmc4HAraEHv83peZnThh2P3zZ9BSzCeuSLEMhSyGrEb7ia6dEH",
  "result": "expected rejection"
}
  ALT xstocks-basket-proof: Fg2XCBiGct5sRFZHF2Rz3mnSfJdXBdRfpgS3mm3hfApP (2 wanted, 0 newly extended)
{
  "label": "issuer-resume-3",
  "signature": "2tkF3ZdXNZN118DwNwLUdrPBLu4mPTtmD7AxxzTEkbys66QmzQQNfts6qBkoxHwjdDHrwbeMX5T8b6KuJSE196Aq",
  "result": "confirmed"
}
  ALT xstocks-basket-proof: Fg2XCBiGct5sRFZHF2Rz3mnSfJdXBdRfpgS3mm3hfApP (2 wanted, 0 newly extended)
{
  "label": "issuer-hook-3",
  "signature": "HnmEzMVPa6eyTeHdRMyEzZKHTFpMDzyihmoJoU3W1SDLnDdPxboJcBrPQCjTBithqSqq3QD7Fo9gCfbiDwjNw6e",
  "result": "confirmed"
}
  ALT xstocks-basket-proof: Fg2XCBiGct5sRFZHF2Rz3mnSfJdXBdRfpgS3mm3hfApP (24 wanted, 0 newly extended)
{
  "label": "hook-deposit-reject-3",
  "signature": "FJfsxLVKqJMwKPjrTY7kLowUHBre7eupfQ3d1HAjfbScCq97xWKd2y5xeTDmRVBjE3EMWHe5iJ3LHoCfnd23kgE",
  "result": "expected rejection"
}
  ALT xstocks-basket-proof: Fg2XCBiGct5sRFZHF2Rz3mnSfJdXBdRfpgS3mm3hfApP (22 wanted, 0 newly extended)
{
  "label": "hook-create-reject-3",
  "signature": "5m9S8iZX2CHo9jX7mGVb1rikKjup45aKvL9kFtru4X8oniZ6MVxyP7EmRxRDuq3cewrNo2AfwCtkaufHoJJHLV6X",
  "result": "expected rejection"
}
  ALT xstocks-basket-proof: Fg2XCBiGct5sRFZHF2Rz3mnSfJdXBdRfpgS3mm3hfApP (2 wanted, 0 newly extended)
{
  "label": "issuer-unhook-3",
  "signature": "3PxSVHN6DtysfkPE8UZWLCHWoi4vpacZjPsFR5fDhfUUL7yxpPQBkrLsBeEozJit8PTCdSZ5zoczvqTDo9YZiMZu",
  "result": "confirmed"
}
  ALT xstocks-basket-proof: Fg2XCBiGct5sRFZHF2Rz3mnSfJdXBdRfpgS3mm3hfApP (2 wanted, 0 newly extended)
{
  "label": "issuer-default-frozen-3",
  "signature": "2W31rY2RdCNAfbF9haaVVf6TBcThgJa6X6x3oJBvUm8QC8VeQbWGZTubfm2VFTePwhxNaqgKpRNyNbsvbyjHT1aw",
  "result": "confirmed"
}
  ALT xstocks-basket-proof: Fg2XCBiGct5sRFZHF2Rz3mnSfJdXBdRfpgS3mm3hfApP (24 wanted, 0 newly extended)
{
  "label": "default-frozen-deposit-reject-3",
  "signature": "4supHUuCerCnbEjfW6zKWMGJRXbag9qPZs4kzHgoebzpHKXwyjoEedRCJHKFB8izNdFPnih9tVnyD5qcKM6ZsHyg",
  "result": "expected rejection"
}
  ALT xstocks-basket-proof: Fg2XCBiGct5sRFZHF2Rz3mnSfJdXBdRfpgS3mm3hfApP (22 wanted, 0 newly extended)
{
  "label": "default-frozen-create-reject-3",
  "signature": "W5hiosw52DjAUd64EG1JNha2NyTaJtGWrzdoWn5WvNazVVCBhfzxgKs9Nunwajx5D2UHpVxoXBQogf7ZZcYof48",
  "result": "expected rejection"
}
  ALT xstocks-basket-proof: Fg2XCBiGct5sRFZHF2Rz3mnSfJdXBdRfpgS3mm3hfApP (2 wanted, 0 newly extended)
{
  "label": "issuer-default-restore-3",
  "signature": "boHmTvhDuMz5pcKGw3ByvYnwd7KwjjwyMPd1jUzseEtvh4ooWfW66B3vrcCS4JqeLLBeBsbCN7yAgnrxPPpb8EK",
  "result": "confirmed"
}
  ALT xstocks-basket-proof: Fg2XCBiGct5sRFZHF2Rz3mnSfJdXBdRfpgS3mm3hfApP (2 wanted, 0 newly extended)
{
  "label": "multiplier-3",
  "signature": "4VE8e6b25sBYdW1NW5KH5hDn1abAiLBueFxE5E2hZRQfx3xS3jf8WQkUQmRvhuAhStarupoM4LZxRcT5tQprDv19",
  "result": "confirmed"
}
  ALT xstocks-basket-proof: Fg2XCBiGct5sRFZHF2Rz3mnSfJdXBdRfpgS3mm3hfApP (21 wanted, 0 newly extended)
{
  "label": "redeem-after-multiplier-3",
  "signature": "3tpTzZmh8Bo12BoVQ6fnpL4SkoCo3xa26hqcNenLHwt3Yt5niDFJCk39NzcoZq1W5U1AxphkMjHpUZ9VBR9LCmNs",
  "result": "confirmed"
}
  ALT xstocks-basket-proof: Fg2XCBiGct5sRFZHF2Rz3mnSfJdXBdRfpgS3mm3hfApP (2 wanted, 0 newly extended)
{
  "label": "multiplier-restore-3",
  "signature": "4ozxPBk963sawtH3VES1sYFXCgMV1ZmSjWJ7NhBKV3pFKrWYFKcQtsU6w71xr9fzNuyHpNpTErXBmfMGLX82G3qY",
  "result": "confirmed"
}
  tx alt_extend_Fg2XCB_0: 2jLJuKFYQP5sKJeFHpTMY7J3diEsByE3YBanCveb3JtyuV1MFvH4KxYpBsTd1KxfJd7pKYnXooju7vKUYAg41QRB
  ALT xstocks-basket-proof: Fg2XCBiGct5sRFZHF2Rz3mnSfJdXBdRfpgS3mm3hfApP (26 wanted, 2 newly extended)
{
  "label": "create-4",
  "signature": "VtMwcfaqpcVqZFxzgaDLZKG3DKmEm91V17x3iePcSKnCsz7gPnKuXPvciT62dEhm54ibVySD8GqQkCEMhaXerJ3",
  "result": "confirmed"
}
  tx alt_extend_Fg2XCB_0: 63n9vQd8baXcLsdGoqHWXELt9dh6J1TgNHEPHZGWGSk2GLjGBqY8LHjXw8LNMrpeKVVmsbqrqCXJ7DapFhisaSev
  ALT xstocks-basket-proof: Fg2XCBiGct5sRFZHF2Rz3mnSfJdXBdRfpgS3mm3hfApP (28 wanted, 2 newly extended)
{
  "label": "mint-4",
  "signature": "3p5PP7ZHHPM1uTHqgBVZ99vwJqPvpec9wKpCXXVZGzU1U2NmtsxL8axRmimKPzxc4SwqFBe6CV5JomGRNumaidLq",
  "result": "confirmed"
}
  ALT xstocks-basket-proof: Fg2XCBiGct5sRFZHF2Rz3mnSfJdXBdRfpgS3mm3hfApP (11 wanted, 0 newly extended)
{
  "label": "management-4",
  "signature": "3BbfvnX3deT4q5hr4vYHdM5yF78MsrbKPnhreZ1sgHHToSGQ68qN58NdqBAfXt3FxzqzB97EedZyLa4J921LQVA8",
  "result": "confirmed"
}
  ALT xstocks-basket-proof: Fg2XCBiGct5sRFZHF2Rz3mnSfJdXBdRfpgS3mm3hfApP (3 wanted, 0 newly extended)
{
  "label": "whitelist-pause-4",
  "signature": "2cDj8WEQetLBRhYQGC7U1jZCwfaqTEo42P52S1Dr1gHojFS61emFs7wecWq6pveW14wbhmw7ZU5Szw1WBh2HRYZC",
  "result": "confirmed"
}
  ALT xstocks-basket-proof: Fg2XCBiGct5sRFZHF2Rz3mnSfJdXBdRfpgS3mm3hfApP (28 wanted, 0 newly extended)
{
  "label": "whitelist-reject-4",
  "signature": "3qZBB7ux8YxvAwkvazVGYdooAuQf98XGJuneeFJEZBuNJw8mmmuBsPqGUQAYkg6PVyYiKTqy9aSxDWaWR9ovkdhS",
  "result": "expected rejection"
}
  ALT xstocks-basket-proof: Fg2XCBiGct5sRFZHF2Rz3mnSfJdXBdRfpgS3mm3hfApP (24 wanted, 0 newly extended)
{
  "label": "redeem-whitelist-paused-4",
  "signature": "5kytn2JEABdZNxgCAZwYNUhJkMPaCHC3wJ3LFeNcSn5spGk3d8MquyQDF6ARqxYb7qVLAhhirPaA1XN7ADioWcRk",
  "result": "confirmed"
}
  ALT xstocks-basket-proof: Fg2XCBiGct5sRFZHF2Rz3mnSfJdXBdRfpgS3mm3hfApP (3 wanted, 0 newly extended)
{
  "label": "whitelist-resume-4",
  "signature": "66rE7LWLCD5LWS9WmMNfJYXGWDr6Bg2Mo23N9WeezES2Ltmk6TCMDFLawWxrsfuWc9vaWinAQPbvhZKN43RzFY9T",
  "result": "confirmed"
}
  ALT xstocks-basket-proof: Fg2XCBiGct5sRFZHF2Rz3mnSfJdXBdRfpgS3mm3hfApP (2 wanted, 0 newly extended)
{
  "label": "issuer-pause-4",
  "signature": "2z2cororwcvBnS4ak9LBL3SJQJka7QyfPu52ybFW6agWP38eERb3pHmCQwi4A1YoKpHeW1t9EHcnQmTYRqM2Bcm6",
  "result": "confirmed"
}
  ALT xstocks-basket-proof: Fg2XCBiGct5sRFZHF2Rz3mnSfJdXBdRfpgS3mm3hfApP (28 wanted, 0 newly extended)
{
  "label": "issuer-deposit-reject-4",
  "signature": "3E2iiWSE6gTHb7QCbYoCjHzLju5aRrLGYwiTNUNq9FBWRGZuKYEufDW5QAuW8bgRpV3JZpGDVTEniCJJKvgFWtya",
  "result": "expected rejection"
}
  tx alt_extend_Fg2XCB_0: 3RqBFGhgrHWZ84RuvNUSriYRtQPCZtmzT5pqWTXN4dAKuy4Cx1PQ6xP8HuvCVwauahggDi9xVnsp4wCPNg9Dgwdx
  ALT xstocks-basket-proof: Fg2XCBiGct5sRFZHF2Rz3mnSfJdXBdRfpgS3mm3hfApP (26 wanted, 8 newly extended)
{
  "label": "issuer-create-reject-4",
  "signature": "4EsonRoJCCyfSZYdMwbxqjaD3mzS43JbMCpianmhBggU5ZJJgbxa1DtkX8tWbmk8yWzJpKhEshmPTUJMT4AaHUi3",
  "result": "expected rejection"
}
  ALT xstocks-basket-proof: Fg2XCBiGct5sRFZHF2Rz3mnSfJdXBdRfpgS3mm3hfApP (24 wanted, 0 newly extended)
{
  "label": "issuer-redeem-reject-4",
  "signature": "xNRqZhDrqfGhxqgWGeHY8M9dLpVh5zQ7WDwyLFb4mqKkKofM2BJNJkxTAZNyUQR9AtZYDS9sK9UvXwfAtN2h1nm",
  "result": "expected rejection"
}
  ALT xstocks-basket-proof: Fg2XCBiGct5sRFZHF2Rz3mnSfJdXBdRfpgS3mm3hfApP (2 wanted, 0 newly extended)
{
  "label": "issuer-resume-4",
  "signature": "2kd9ixRjk1An29jvcLQD8dgXrU8DFoTf4iZaxY8KjDZaD9jnQweESXMVJKedi3n1zrzTeTkHEZ2h2feTFoTwuBe5",
  "result": "confirmed"
}
  ALT xstocks-basket-proof: Fg2XCBiGct5sRFZHF2Rz3mnSfJdXBdRfpgS3mm3hfApP (2 wanted, 0 newly extended)
{
  "label": "issuer-hook-4",
  "signature": "3ScKS3TNPsMuFin1V8t6fov7VfwPW1WKW93PLF2y18tjP6fw8sWA2pUEAyBX4jgg2hS2S1z5Emy6Ru3ADkDU8yAU",
  "result": "confirmed"
}
  ALT xstocks-basket-proof: Fg2XCBiGct5sRFZHF2Rz3mnSfJdXBdRfpgS3mm3hfApP (28 wanted, 0 newly extended)
{
  "label": "hook-deposit-reject-4",
  "signature": "5eXZMnrdK3BgfPJhch4u5WcbSHif7bzm1ZNecNqLV9N6DZKyocrPeigHLtCcyGwGqzaF8mGrLqwwDKC6jdDkLw6k",
  "result": "expected rejection"
}
  ALT xstocks-basket-proof: Fg2XCBiGct5sRFZHF2Rz3mnSfJdXBdRfpgS3mm3hfApP (26 wanted, 0 newly extended)
{
  "label": "hook-create-reject-4",
  "signature": "2D5GKijQQPaYPygqtBBBCrSvCpLcwa4seAC1GV4QuaFuz9wKQFzJijgj6wpTxr72nL8e1tS1VwMa3CChfzEe7xMb",
  "result": "expected rejection"
}
  ALT xstocks-basket-proof: Fg2XCBiGct5sRFZHF2Rz3mnSfJdXBdRfpgS3mm3hfApP (2 wanted, 0 newly extended)
{
  "label": "issuer-unhook-4",
  "signature": "5tXWApN4w131tCwCyMTN9DjjNeewfY1hNdALhB6KW8DBk3GMQWYVNARSCcdxbQvGbhuuJRvA7hxk4JcBySL6SmoM",
  "result": "confirmed"
}
  ALT xstocks-basket-proof: Fg2XCBiGct5sRFZHF2Rz3mnSfJdXBdRfpgS3mm3hfApP (2 wanted, 0 newly extended)
{
  "label": "issuer-default-frozen-4",
  "signature": "2aDScoET3CeCmJbskPUYEQWzwTiPWutxVus9bsH7LhqcHA9REDufoNrMgnArX7qvKVtrGKMpJArm2vuCGnpBJ5qt",
  "result": "confirmed"
}
  ALT xstocks-basket-proof: Fg2XCBiGct5sRFZHF2Rz3mnSfJdXBdRfpgS3mm3hfApP (28 wanted, 0 newly extended)
{
  "label": "default-frozen-deposit-reject-4",
  "signature": "4A87SUQuj9DaXeHJaJ33Pr5Vv52dgyJZCFT2t2d7WCMWyh9rjW8cVibFmXkMyLL5CEnodPZ9XkmwSrNDwWfyuLff",
  "result": "expected rejection"
}
  ALT xstocks-basket-proof: Fg2XCBiGct5sRFZHF2Rz3mnSfJdXBdRfpgS3mm3hfApP (26 wanted, 0 newly extended)
{
  "label": "default-frozen-create-reject-4",
  "signature": "4Q23Aut2XjcxFNgrYz5PngFFwQ5SiGGsxSozuZU1vuFHX8VWsp4nW7PchdvUybDDaoxDRaYwA5UB94MF6Z2m5X6r",
  "result": "expected rejection"
}
  ALT xstocks-basket-proof: Fg2XCBiGct5sRFZHF2Rz3mnSfJdXBdRfpgS3mm3hfApP (2 wanted, 0 newly extended)
{
  "label": "issuer-default-restore-4",
  "signature": "KMLX9eXAPgpfxmwEKk4tfzBkKzLJa6ZQcH1DZz1bxySXkVLrxjptSg7tLj5MWqV5ioEKSPc2xm3ZVbZBN5z8Upk",
  "result": "confirmed"
}
  ALT xstocks-basket-proof: Fg2XCBiGct5sRFZHF2Rz3mnSfJdXBdRfpgS3mm3hfApP (2 wanted, 0 newly extended)
{
  "label": "multiplier-4",
  "signature": "4Bihj5q4SdxL2QREpbQEzSzHejSr4vAWV57drvEshLeqm18YMYnqRbTnmNBi3ssc4bbQfEgEre9Zw9fZ9tT5rWmG",
  "result": "confirmed"
}
  ALT xstocks-basket-proof: Fg2XCBiGct5sRFZHF2Rz3mnSfJdXBdRfpgS3mm3hfApP (24 wanted, 0 newly extended)
{
  "label": "redeem-after-multiplier-4",
  "signature": "4WiFfYuThAqhaQsUvmmQVNkVv7cUVmmcAAXJFY7CTUzmwbBQZtdvvaR5HVsK6j3JABZNreQNzSmF8sehV6MBysuH",
  "result": "confirmed"
}
  ALT xstocks-basket-proof: Fg2XCBiGct5sRFZHF2Rz3mnSfJdXBdRfpgS3mm3hfApP (2 wanted, 0 newly extended)
{
  "label": "multiplier-restore-4",
  "signature": "3SpfYxws3bioX3syWrKZ2ib9qwynccTWoG5vHG1dwqzbkjtqVPtMpfMc6fGLTYs5Uvj6NZd5EBuh88pQnFsdAZaX",
  "result": "confirmed"
}
{
  "complete": true,
  "proof": "/Users/umutyesildal/orca/workspaces/createyouretf/createyouretf/.cache/devnet-xstocks/issuer-profile-20261003-0035/basket-proof.json"
}
