{
  "mode": "execute",
  "cluster": "devnet",
  "rpc": "https://api.devnet.solana.com",
  "expectedGenesis": "EtWTRABZaYq6iMfeYKouRu166VU2xqa1wcaWoxPkrZBG",
  "stateDirectory": "/Users/umutyesildal/orca/workspaces/createyouretf/createyouretf/.cache/devnet-xstocks/issuer-profile-20261003-0035",
  "payer": "y72KA263br7MtZw7BqC2dx5QYCBUciJGzShE8BRSwRE",
  "profile": "xstocks-eight-extension-devnet-mock-v1",
  "extensionIds": [
    18,
    12,
    6,
    25,
    26,
    4,
    14,
    19
  ],
  "decimals": 8,
  "mocks": [
    {
      "letter": "A",
      "symbol": "BSTESTA",
      "multiplier": 1
    },
    {
      "letter": "B",
      "symbol": "BSTESTB",
      "multiplier": 1.25
    },
    {
      "letter": "C",
      "symbol": "BSTESTC",
      "multiplier": 2
    },
    {
      "letter": "D",
      "symbol": "BSTESTD",
      "multiplier": 10
    }
  ],
  "maximumSetupSpendSol": 0.15,
  "minimumRemainingSol": 0.25,
  "note": "Project-issued test tokens, not official xStocks. No confidential account balances. No program deployment or historical state mutation."
}
{"action":"create_BSTESTA","signature":"28rKfoo3uvifJXMtREYufYPoasm8xLiTjdFSvSkyyAe1jazEytvpPwPrBK45j7TF4Surn1weRKkMJ4aAAmgPFC5W"}
{"action":"fund_BSTESTA","signature":"RRaBMREurhedWz1EconLRoStfggCxC85EKYCiqkoMdSP28S61heMVQciLmxByuCpmwNUkaE49xh9ShjmG9zT9sz"}
{"action":"whitelist_BSTESTA","signature":"5yyoSAcJ7uB4itTYy1SuZ15c4H23KrLDuNMaPuvtXnKCYALtJQ8WdzSzJoKSXigPno1p2R3iBFdrzfQsDoHQebVu"}
{"action":"create_BSTESTB","signature":"4Cyt2rjox9XDDe8vnCJQr6EuwKE77Fo7i6shm6Jbf5bgg27oBBnf37EZkmwmEFcmMUYnvbfvGUQpEYHK12ZsadVS"}
{"action":"fund_BSTESTB","signature":"f5keCzoQhkL1oBYBH47yt9AJWDvrpUd2Zi41X4tWFSmbbVtccih6AFfsLbsii6t9MFJAD22thMxKXYdKGbt63D9"}
Server responded with 429 Too Many Requests.  Retrying after 500ms delay...
Server responded with 429 Too Many Requests.  Retrying after 500ms delay...
Server responded with 429 Too Many Requests.  Retrying after 1000ms delay...
Server responded with 429 Too Many Requests.  Retrying after 1000ms delay...
{"action":"whitelist_BSTESTB","signature":"3NxTp582ACvqHrpGrtUFGJFY2oof9JBmK3SCHHVywFH9b5TZcXUogey6HzCFEVHXvzJ4YuFZcrnPdqUt73erwzq6"}
Server responded with 429 Too Many Requests.  Retrying after 500ms delay...
Server responded with 429 Too Many Requests.  Retrying after 1000ms delay...
Server responded with 429 Too Many Requests.  Retrying after 2000ms delay...
Server responded with 429 Too Many Requests.  Retrying after 2000ms delay...
Server responded with 429 Too Many Requests.  Retrying after 2000ms delay...
Server responded with 429 Too Many Requests.  Retrying after 4000ms delay...
Server responded with 429 Too Many Requests.  Retrying after 4000ms delay...
Server responded with 429 Too Many Requests.  Retrying after 4000ms delay...
{"action":"create_BSTESTC","signature":"4rxu9tqRC5CD5EEa4N7cEEkbDZHGzeJ82bnvPT9UzDVhvmFMRuiMkdg45hjtzUESBZ8KT2JYeNb5HV2AM83FFvGR"}
Server responded with 429 Too Many Requests.  Retrying after 500ms delay...
Server responded with 429 Too Many Requests.  Retrying after 500ms delay...
Server responded with 429 Too Many Requests.  Retrying after 1000ms delay...
{"action":"fund_BSTESTC","signature":"5ieLgoC4p4m2Zk5F1VkstXyo7xALmq5jNTiE9MG2123cW4WFN1zzcW18RjAf3RJhKaVDPakHSYrNA9BJWSs7ry5"}
Server responded with 429 Too Many Requests.  Retrying after 500ms delay...
ws error: Unexpected server response: 429
Server responded with 429 Too Many Requests.  Retrying after 2000ms delay...
{"action":"whitelist_BSTESTC","signature":"2unSH164pVeJ9k3svhPna9rZHH8xaGWi6bZfhSsQ8bemLE1LV4duuPX47W7L85V4ZKeskBnGCwA4YLG7DgZNVjRz"}
Server responded with 429 Too Many Requests.  Retrying after 500ms delay...
Server responded with 429 Too Many Requests.  Retrying after 500ms delay...
ws error: Unexpected server response: 429
Server responded with 429 Too Many Requests.  Retrying after 4000ms delay...
Server responded with 429 Too Many Requests.  Retrying after 1000ms delay...
{"action":"create_BSTESTD","signature":"j81vUnKMoWa1QNu1xbpSfHBz2rSkVWUVJxK6yhoxMWHQLWD6mzRktDJNbe9RkrDz69fH47Rvf5hTshfCxWiLoRr"}
Server responded with 429 Too Many Requests.  Retrying after 500ms delay...
Server responded with 429 Too Many Requests.  Retrying after 1000ms delay...
ws error: Unexpected server response: 429
{"action":"fund_BSTESTD","signature":"4nYbRE4YiuKiyvQd484732YUd45yiM6bCGnfix1HHGvXAyZbd1KG46mW8uyBtWLP5Twg1Yv8GhcKsFzH9R9E98m7"}
Server responded with 429 Too Many Requests.  Retrying after 500ms delay...
Server responded with 429 Too Many Requests.  Retrying after 500ms delay...
Server responded with 429 Too Many Requests.  Retrying after 500ms delay...
ws error: Unexpected server response: 429
Server responded with 429 Too Many Requests.  Retrying after 1000ms delay...
{"action":"whitelist_BSTESTD","signature":"5381WwDctKj2eW1MsF3nckyXcFE6LZMPuSedSbXqJv1EyjicbcvZ7xBEZxSScT2sEWojGQ6mKwXRptQuzPvgUezU"}
Server responded with 429 Too Many Requests.  Retrying after 500ms delay...
Server responded with 429 Too Many Requests.  Retrying after 1000ms delay...
{"complete":true,"stateDirectory":"/Users/umutyesildal/orca/workspaces/createyouretf/createyouretf/.cache/devnet-xstocks/issuer-profile-20261003-0035","mockMints":[{"symbol":"BSTESTA","mint":"CrjoC7fq5XAbdej5zjinKNGXVqo8E8qCmh8XSiu2QViQ"},{"symbol":"BSTESTB","mint":"EpH2swtxW2rCuFg2o2ukD5Qw5Xv3toaug1M3mbcB4hab"},{"symbol":"BSTESTC","mint":"5G1hMSqs2nWKaFQt737FTxwnruPgeQqQWZ2FRoqxvehA"},{"symbol":"BSTESTD","mint":"8W2hrfJPPrXEBjs5gDgpVZcs8HsELeHkBaqSjnUvgJUq"}],"spentSol":0.02765424,"remainingSol":3.08558512}
